// Jest Snapshot v1, https://goo.gl/fbAQLP

exports[`components:styled:QuestionBox renders the QuestionBox component with proper CSS properties 1`] = `
.c0 {
  width: 260px;
  font-family: Helvetica;
  font-size: 25px;
  font-weight: normal;
  font-style: normal;
  font-stretch: normal;
  line-height: normal;
  -webkit-letter-spacing: normal;
  -moz-letter-spacing: normal;
  -ms-letter-spacing: normal;
  letter-spacing: normal;
  text-align: center;
  margin: 0px auto 10px auto;
  height: 240px;
  display: -webkit-box;
  display: -webkit-flex;
  display: -ms-flexbox;
  display: flex;
  -webkit-align-items: center;
  -webkit-box-align: center;
  -ms-flex-align: center;
  align-items: center;
}

<div
  className="c0"
/>
`;
